id: 518605749
type: way
latitude: 52.49877
longitude: -7.98052
postcode: ""
city: Golden
street: ""
housenumber: 
phone: ""
opening_hours: ""
website: ""