id: 518605749
type: way
latitude: 52.4987542
longitude: -7.980545500000001
postcode: ""
city: Golden
street: ""
housenumber: 
phone: ""
opening_hours: ""
website: ""
